
  CONFIG "MS_ERRORFILE" "/tmp/ms_error.txt"
  DEBUG 5 


  STATUS ON
  EXTENT -180.000138 -56.0001389 179.9998611 83.9998611 

  UNITS METERS
  MAXSIZE 999999


  #
  # Start of web interface definition
  #
  WEB
    IMAGEPATH "/Library/WebServer/Documents/cay/tmp/"
    IMAGEURL "/cay/tmp/"
    METADATA
      "wcs_label"           "Topophile WCS" ### required
      "wcs_description"     "Makin Models"
      "wcs_onlineresource"  "http://127.0.0.1/cgi-bin/mapserv.exe?" ### recommended
      "wcs_enable_request"           "*"
     
           "wcs_fees"            "none"
      "wcs_accessconstraints"    "none"
      "wcs_keywordlist"          "wcs,test"
      "wcs_metadatalink_type"    "TC211"
      "wcs_metadatalink_format"  "text/plain"
      "wcs_metadatalink_href"    "http://someurl.com"
      "wcs_address"              "124 Gilmour Street"
      "wcs_city"                 "Ottawa"
      "wcs_stateorprovince"      "ON"
      "wcs_postcode"             "90210"
      "wcs_country"              "Canada"
        "wcs_contactelectronicmailaddress" "blah@blah"
      "wcs_contactperson"            "me"
      "wcs_contactorganization"      "unemployed"
      "wcs_contactposition"          "manager"
      "wcs_contactvoicetelephone"    "613-555-1234"
      "wcs_contactfacimiletelephone" "613-555-1235"
      "wcs_service_onlineresource"   "http://127.0.0.1/cgi-bin/mapserv.exe?"
    END
  END
  
  PROJECTION
    "init=epsg:4236"
  END
  
  OUTPUTFORMAT
    NAME GEOTIFF_16
    DRIVER "GDAL/GTiff"
    MIMETYPE "image/tiff"
    IMAGEMODE INT16
    EXTENSION "tif"   
  END

  LAYER
    DEBUG 5 
  
    NAME "srtmgl1"
    TYPE raster
    STATUS ON
    TILEINDEX "data/srtm/srtmgl1.shp"
    TILEITEM "LOCATION"
    #DATA "/Library/WebServer/Documents/cay/data/srtm/srtmgl1"
  
    PROJECTION
      "init=epsg:4236"
    END
  
    METADATA
      "wcs_label"           "Elevation"  ### required
      "wcs_rangeset_name"   "Layer Name"  ### required to support DescribeCoverage request
      "wcs_rangeset_label"  "Layer Label" ### required to support DescribeCoverage request
      "wcs_extent"          "-180, -56, 180, 60"
      "ows_srs"             "init=epsg:4236"
      "wcs_resolution"      "0.000277777777778 -0.000277777777778"

    END
  END
  
END # Map File
